asfdsdfgsdfsd